<html>
<body>
<pre>
<h1>礦ision Build Log</h1>
<h2>Project:</h2>
F:\课程\arm\stm32学习记录\20150505（led点亮完整工程）\NEW_TEMPLATE\OBJ\NEW_TEMPLATE.uvproj
Project File Date:  05/04/2015

<h2>Output:</h2>
Build target 'NEW_TEMPLATE'
compiling main.c...
compiling stm32f10x_it.c...
compiling system_stm32f10x.c...
compiling misc.c...
compiling stm32f10x_adc.c...
compiling stm32f10x_bkp.c...
compiling stm32f10x_can.c...
compiling stm32f10x_cec.c...
compiling stm32f10x_crc.c...
compiling stm32f10x_dac.c...
compiling stm32f10x_dbgmcu.c...
compiling stm32f10x_dma.c...
compiling stm32f10x_exti.c...
compiling stm32f10x_flash.c...
compiling stm32f10x_fsmc.c...
compiling stm32f10x_gpio.c...
compiling stm32f10x_i2c.c...
compiling stm32f10x_iwdg.c...
compiling stm32f10x_pwr.c...
compiling stm32f10x_rcc.c...
compiling stm32f10x_rtc.c...
compiling stm32f10x_sdio.c...
compiling stm32f10x_spi.c...
compiling stm32f10x_tim.c...
compiling stm32f10x_usart.c...
compiling stm32f10x_wwdg.c...
compiling core_cm3.c...
assembling startup_stm32f10x_hd.s...
compiling led.c...
linking...
Program Size: Code=2740 RO-data=336 RW-data=40 ZI-data=1632  
FromELF: creating hex file...
"NEW_TEMPLATE.axf" - 0 Error(s), 0 Warning(s).
Build target 'NEW_TEMPLATE'
compiling main.c...
compiling led.c...
linking...
Program Size: Code=2784 RO-data=336 RW-data=40 ZI-data=1632  
FromELF: creating hex file...
"NEW_TEMPLATE.axf" - 0 Error(s), 0 Warning(s).
Build target 'NEW_TEMPLATE'
compiling led.c...
linking...
Program Size: Code=2740 RO-data=336 RW-data=40 ZI-data=1632  
FromELF: creating hex file...
"NEW_TEMPLATE.axf" - 0 Error(s), 0 Warning(s).
