<html>
<body>
<pre>
<h1>礦ision Build Log</h1>
<h2>Project:</h2>
F:\研二学年\智能小车开发\项目代码\intelligent_car_new\OBJ\NEW_TEMPLATE.uvproj
Project File Date:  08/31/2015

<h2>Output:</h2>
Build target 'NEW_TEMPLATE'
compiling main.c...
..\HARDWARE\MOTOR\motor.h(16): warning:  #1295-D: Deprecated declaration stop - give arg types
  void stop();
..\HARDWARE\HMC5883L\hmc5883l.h(20): warning:  #1295-D: Deprecated declaration StartAndGetData_HMC5883L - give arg types
  void StartAndGetData_HMC5883L();
..\HARDWARE\Dynamic_Map\Dynamic_Map.h(4): warning:  #47-D: incompatible redefinition of macro "INFINITY" (declared at line 240 of "D:\MDK\ARM\ARMCC\bin\..\include\math.h")
  #define INFINITY 1000//两节点之间没有边时的权值
..\USER\main.c(123): warning:  #550-D: variable "z" was set but never used
        short x,y,z;
..\USER\main.c: 4 warnings, 0 errors
linking...
Program Size: Code=18768 RO-data=1264 RW-data=964 ZI-data=2892  
FromELF: creating hex file...
".\NEW_TEMPLATE.axf" - 0 Error(s), 4 Warning(s).
Load "F:\\研二学年\\智能小车开发\\项目代码\\intelligent_car_new\\OBJ\\NEW_TEMPLATE.axf" 
Full Chip Erase Done.
Programming Done.
Verify OK.
</pre>
</body>
</html>
ARDWARE\Ultrasonic\ultrasonic.c: 2 warnings, 0 errors
linking...
Program Size: Code=18768 RO-data=1264 RW-data=964 ZI-data=2892  
FromELF: creating hex file...
".\NEW_TEMPLATE.axf" - 0 Error(s), 6 Warning(s).
Load "F:\\研二学年\\智能小车开发\\项目代码\\intelligent_car_new\\OBJ\\NEW_TEMPLATE.axf" 
Full Chip Erase Done.
Programming Done.
Verify OK.
TEMPLATE.axf" - 0 Error(s), 7 Warning(s).
Load "F:\\研二学年\\智能小车开发\\项目代码\\intelligent_car_new\\OBJ\\NEW_TEMPLATE.axf" 
Full Chip Erase Done.
Programming Done.
Verify OK.
elay.c...
compiling infrared_tracking.c...
..\HARDWARE\MOTOR\motor.h(16): warning:  #1295-D: Deprecated declaration stop - give arg types
  void stop();
..\HARDWARE\HMC5883L\hmc5883l.h(20): warning:  #1295-D: Deprecated declaration StartAndGetData_HMC5883L - give arg types
  void StartAndGetData_HMC5883L();
..\HARDWARE\INFRARED_TRACKING\infrared_tracking.c(59): warning:  #940-D: missing return statement at end of non-void function "Node_Detection"
  }
..\HARDWARE\INFRARED_TRACKING\infrared_tracking.c(71): warning:  #177-D: variable "INFRARED_ANGLE" was declared but never referenced
        int INFRARED_ANGLE;
..\HARDWARE\INFRARED_TRACKING\infrared_tracking.c(72): warning:  #177-D: variable "PWM_ANGLE" was declared but never referenced
        int PWM_ANGLE=0;
..\HARDWARE\INFRARED_TRACKING\infrared_tracking.c: 5 warnings, 0 errors
compiling InfraredSafeDistance.c...
..\HARDWARE\MOTOR\motor.h(16): warning:  #1295-D: Deprecated declaration stop - give arg types
  void stop();
..\HARDWARE\INFRARED_SAFE_DISTANCE\InfraredSafeDistance.c: 1 warning, 0 errors
compiling led.c...
compiling motor.c...
..\HARDWARE\MOTOR\motor.h(16): warning:  #1295-D: Deprecated declaration stop - give arg types
  void stop();
..\HARDWARE\MOTOR\motor.c: 1 warning, 0 errors
compiling timer.c...
..\HARDWARE\MOTOR\motor.h(16): warning:  #1295-D: Deprecated declaration stop - give arg types
  void stop();
..\HARDWARE\HMC5883L\hmc5883l.h(20): warning:  #1295-D: Deprecated declaration StartAndGetData_HMC5883L - give arg types
  void StartAndGetData_HMC5883L();
..\HARDWARE\TIMER\timer.c: 2 warnings, 0 errors
compiling TIM5_Obstacle_Detect.c...
compiling HMC5883L.c...
..\HARDWARE\HMC5883L\hmc5883l.h(20): warning:  #1295-D: Deprecated declaration StartAndGetData_HMC5883L - give arg types
  void StartAndGetData_HMC5883L();
..\HARDWARE\HMC5883L\HMC5883L.c: 1 warning, 0 errors
compiling LCD5110.C...
compiling ultrasonic.c...
..\HARDWARE\Ultrasonic\ultrasonic.c(72): warning:  #177-D: variable "i" was declared but never referenced
        u8 i=0;
..\HARDWARE\Ultrasonic\ultrasonic.c(73): warning:  #177-D: variable "result" was declared but never referenced
        float result=0;
..\HARDWARE\Ultrasonic\ultrasonic.c: 2 warnings, 0 errors
compiling Dijkstra.c...
compiling Dynamic_Map.c...
linking...
Program Size: Code=18634 RO-data=1270 RW-data=964 ZI-data=2892  
FromELF: creating hex file...
".\NEW_TEMPLATE.axf" - 0 Error(s), 16 Warning(s).
Load "F:\\研二学年\\智能小车开发\\项目代码\\intelligent_car_new\\OBJ\\NEW_TEMPLATE.axf" 
Error: Flash Download failed  -  Target DLL has been cancelled
Load "F:\\研二学年\\智能小车开发\\项目代码\\intelligent_car_new\\OBJ\\NEW_TEMPLATE.axf" 
Full Chip Erase Done.
Programming Done.
Verify OK.
